// Jest Snapshot v1, https://goo.gl/fbAQLP

exports[`Should render BugEditModal component correctly 1`] = `
<DocumentFragment>
  <div>
    NewBug
  </div>
</DocumentFragment>
`;
