// Jest Snapshot v1, https://goo.gl/fbAQLP

exports[`Should render Loading component correctly 1`] = `
<DocumentFragment>
  <div>
    Loading...
  </div>
</DocumentFragment>
`;
