// Jest Snapshot v1, https://goo.gl/fbAQLP

exports[`Should render ProjectEditModal component correctly 1`] = `
<DocumentFragment>
  <div>
    NewProject
  </div>
</DocumentFragment>
`;
